$ python -m app.main
/opt/venv/lib/python3.12/site-packages/pydantic/_internal/_config.py:383: UserWarning: Valid config keys have changed in V2:
* 'schema_extra' has been renamed to 'json_schema_extra'
  warnings.warn(message, UserWarning)
/opt/venv/lib/python3.12/site-packages/pydantic/_internal/_config.py:383: UserWarning: Valid config keys have changed in V2:
* 'orm_mode' has been renamed to 'from_attributes'
* 'schema_extra' has been renamed to 'json_schema_extra'
  warnings.warn(message, UserWarning)
<frozen runpy>:128: RuntimeWarning: 'app.main' found in sys.modules after import of package 'app', but prior to execution of 'app.main'; this may result in unpredictable behaviour
INFO:     Started server process [440097]
INFO:     Waiting for application startup.
2025-10-28 20:06:11,069 - app.main - INFO - ============================================================
2025-10-28 20:06:11,069 - app.main - INFO - Starting Customer Support AI Agent v1.0.0
2025-10-28 20:06:11,069 - app.main - INFO - Environment: Environment.DEVELOPMENT
2025-10-28 20:06:11,069 - app.main - INFO - ============================================================
2025-10-28 20:06:11,069 - app.main - INFO - Initializing database...
2025-10-28 20:06:11,069 - app.database - INFO - Initializing database...
2025-10-28 20:06:11,069 - app.database - INFO - Registered models:
2025-10-28 20:06:11,069 - app.database - INFO - Tables to be created:
2025-10-28 20:06:11,069 - app.database - INFO - Importing memory model...
2025-10-28 20:06:11,069 - app.database - INFO - Found model class: Memory with table: memories
2025-10-28 20:06:11,069 - app.database - INFO - Memory model imported successfully
2025-10-28 20:06:11,069 - app.database - INFO - Importing session model...
2025-10-28 20:06:11,069 - app.database - INFO - Found model class: Session with table: sessions
2025-10-28 20:06:11,069 - app.database - INFO - Session model imported successfully
2025-10-28 20:06:11,069 - app.database - INFO - Importing message model...
2025-10-28 20:06:11,069 - app.database - INFO - Found model class: Message with table: messages
2025-10-28 20:06:11,069 - app.database - INFO - Message model imported successfully
2025-10-28 20:06:11,070 - app.database - INFO - Registered models:
2025-10-28 20:06:11,070 - app.database - INFO - Tables to be created:
2025-10-28 20:06:11,070 - app.database - INFO - Creating database tables...
2025-10-28 20:06:11,070 - app.database - INFO - Database tables creation command executed
2025-10-28 20:06:11,071 - app.database - INFO - Database tables created successfully: ['memories', 'messages', 'sessions']
2025-10-28 20:06:11,071 - app.database - INFO - Database file exists: ./data/customer_support.db
2025-10-28 20:06:11,071 - app.database - INFO - Database file size: 49152 bytes
2025-10-28 20:06:11,071 - app.database - INFO - Tables in database: ['memories', 'messages', 'sessions']
2025-10-28 20:06:11,071 - app.database - INFO - Table 'memories' columns: ['id', 'session_id', 'created_at', 'updated_at', 'last_accessed', 'content_type', 'content', 'metadata', 'importance', 'access_count']
2025-10-28 20:06:11,072 - app.database - INFO - Table 'messages' columns: ['id', 'session_id', 'role', 'content', 'timestamp', 'metadata']
2025-10-28 20:06:11,072 - app.database - INFO - Table 'sessions' columns: ['id', 'user_id', 'thread_id', 'created_at', 'updated_at', 'last_activity', 'status', 'escalated', 'escalation_ticket_id', 'metadata']
2025-10-28 20:06:11,072 - app.main - INFO - Initializing cache service...
2025-10-28 20:06:11,072 - app.services.cache_service - INFO - Redis cache service connected
2025-10-28 20:06:11,073 - app.services.cache_service - INFO - Redis cache service connected
2025-10-28 20:06:11,073 - app.main - INFO - ✓ Cache service connected
2025-10-28 20:06:11,073 - app.main - INFO - Initializing AI agent...
2025-10-28 20:06:11,074 - app.agents.chat_agent - INFO - Initializing agent tools...
2025-10-28 20:06:11,074 - app.services.cache_service - INFO - Redis cache service connected
2025-10-28 20:06:11,074 - app.tools.rag_tool - INFO - Loading embedding model: sentence-transformers/all-MiniLM-L6-v2
2025-10-28 20:06:11,074 - sentence_transformers.SentenceTransformer - INFO - Load pretrained SentenceTransformer: sentence-transformers/all-MiniLM-L6-v2
2025-10-28 20:06:14,373 - app.tools.rag_tool - INFO - Embedding model loaded successfully (dim: 768)
2025-10-28 20:06:14,627 - app.tools.rag_tool - INFO - Using existing ChromaDB collection: customer_support_docs
2025-10-28 20:06:14,627 - app.tools.base_tool - INFO - Tool 'rag_search' initialized successfully
2025-10-28 20:06:14,627 - app.agents.chat_agent - INFO - ✓ RAG tool initialized
2025-10-28 20:06:14,628 - app.tools.memory_tool - INFO - Memory tool initialized with database: sqlite:///./data/customer_support.db
2025-10-28 20:06:14,628 - app.tools.base_tool - INFO - Tool 'memory_management' initialized successfully
2025-10-28 20:06:14,628 - app.agents.chat_agent - INFO - ✓ Memory tool initialized
2025-10-28 20:06:14,684 - app.tools.attachment_tool - INFO - MarkItDown initialized with all plugins
2025-10-28 20:06:14,684 - app.tools.attachment_tool - INFO - Attachment temp directory: /tmp/cs_agent_attachments
2025-10-28 20:06:14,684 - app.tools.base_tool - INFO - Tool 'attachment_processor' initialized successfully
2025-10-28 20:06:14,684 - app.agents.chat_agent - INFO - ✓ Attachment tool initialized
2025-10-28 20:06:14,684 - app.tools.escalation_tool - INFO - Escalation tool initialized with 25 keywords
2025-10-28 20:06:14,684 - app.tools.base_tool - INFO - Tool 'escalation_check' initialized successfully
2025-10-28 20:06:14,684 - app.agents.chat_agent - INFO - ✓ Escalation tool initialized
2025-10-28 20:06:14,684 - app.agents.chat_agent - INFO - Agent initialized with 4 tools
2025-10-28 20:06:14,684 - app.main - INFO - ✓ AI agent initialized successfully
2025-10-28 20:06:15,144 - app.tools.rag_tool - INFO - Added 10 documents (10 chunks) to knowledge base
2025-10-28 20:06:15,144 - app.main - INFO - Added 10 sample documents to knowledge base
2025-10-28 20:06:15,145 - app.database - INFO - All required tables exist: ['memories', 'messages', 'sessions']
2025-10-28 20:06:15,146 - app.services.cache_service - INFO - Redis cache service connected
2025-10-28 20:06:15,146 - app.main - INFO - Startup checks: Database: ✓, Tables: ✓, Redis: ✓, Agent Tools: 4
2025-10-28 20:06:15,146 - app.main - INFO - ============================================================
2025-10-28 20:06:15,146 - app.main - INFO - Application started successfully
2025-10-28 20:06:15,146 - app.main - INFO - API docs available at: http://0.0.0.0:8000/docs
2025-10-28 20:06:15,146 - app.main - INFO - ============================================================
INFO:     Application startup complete.
2025-10-28 20:06:15,147 - app.services.cache_service - ERROR - Cache clear pattern error: Error 111 connecting to localhost:6379. Connection refused.
INFO:     Uvicorn running on http://0.0.0.0:8000 (Press CTRL+C to quit)
2025-10-28 20:06:48,315 - app.utils.middleware - INFO - Request started: POST /api/sessions [req_1761653208296_j6yir1ms9]
2025-10-28 20:06:48,317 - app.utils.middleware - INFO - Request started: POST /api/sessions [req_1761653208296_lq2nln67d]
2025-10-28 20:06:48,439 - app.agents.chat_agent - INFO - Created new context for session: sess_9ec60f5ff044
2025-10-28 20:06:48,439 - app.api.routes.sessions - INFO - Created session: sess_9ec60f5ff044 for user: None
2025-10-28 20:06:48,549 - app.agents.chat_agent - INFO - Created new context for session: sess_edbb6cd07c84
2025-10-28 20:06:48,549 - app.api.routes.sessions - INFO - Created session: sess_edbb6cd07c84 for user: None
INFO:     127.0.0.1:37726 - "POST /api/sessions HTTP/1.1" 200 OK
INFO:     127.0.0.1:37712 - "POST /api/sessions HTTP/1.1" 200 OK
2025-10-28 20:06:48,563 - app.api.websocket - WARNING - Invalid session_id provided: undefined
INFO:     127.0.0.1:37736 - "WebSocket /ws?session_id=undefined" 403
INFO:     connection rejected (403 Forbidden)
INFO:     connection closed
2025-10-28 20:06:48,576 - app.api.websocket - WARNING - Invalid session_id provided: undefined
INFO:     127.0.0.1:37738 - "WebSocket /ws?session_id=undefined" 403
INFO:     connection rejected (403 Forbidden)
INFO:     connection closed
2025-10-28 20:06:48,605 - app.utils.middleware - INFO - Request started: GET /api/chat/sessions/undefined/messages [req_1761653208598_x0a550si3]
INFO:     127.0.0.1:37744 - "GET /api/chat/sessions/undefined/messages?limit=50&offset=0 HTTP/1.1" 400 Bad Request
^CINFO:     Shutting down
INFO:     Waiting for application shutdown.
2025-10-28 20:07:44,816 - app.main - INFO - ============================================================
2025-10-28 20:07:44,816 - app.main - INFO - Shutting down application...
2025-10-28 20:07:44,816 - app.agents.chat_agent - INFO - Cleaning up agent resources...
2025-10-28 20:07:44,826 - app.tools.memory_tool - INFO - Memory cleanup completed: 0 memories deleted (0 old, 0 excess)
2025-10-28 20:07:44,826 - app.agents.chat_agent - INFO - Cleaned up session: sess_9ec60f5ff044
2025-10-28 20:07:44,828 - app.tools.memory_tool - INFO - Memory cleanup completed: 0 memories deleted (0 old, 0 excess)
2025-10-28 20:07:44,828 - app.agents.chat_agent - INFO - Cleaned up session: sess_edbb6cd07c84
2025-10-28 20:07:44,828 - app.services.cache_service - INFO - Redis cache service closed
2025-10-28 20:07:44,828 - app.agents.chat_agent - INFO - Cleaned up rag tool
2025-10-28 20:07:44,828 - app.agents.chat_agent - INFO - Cleaned up memory tool
2025-10-28 20:07:44,829 - app.tools.attachment_tool - INFO - Attachment tool cleanup: 0 files removed
2025-10-28 20:07:44,829 - app.agents.chat_agent - INFO - Cleaned up attachment tool
2025-10-28 20:07:44,829 - app.agents.chat_agent - INFO - Cleaned up escalation tool
2025-10-28 20:07:44,829 - app.agents.chat_agent - INFO - Agent cleanup complete
2025-10-28 20:07:44,829 - app.main - INFO - ✓ Agent cleanup complete
2025-10-28 20:07:44,829 - app.services.cache_service - INFO - Redis cache service closed
2025-10-28 20:07:44,829 - app.main - INFO - ✓ Cache connections closed
2025-10-28 20:07:44,829 - app.database - INFO - Cleaning up database connections...
2025-10-28 20:07:44,830 - app.database - INFO - Database cleanup complete
2025-10-28 20:07:44,830 - app.main - INFO - ✓ Database cleanup complete
2025-10-28 20:07:44,830 - app.main - INFO - Application shutdown complete
2025-10-28 20:07:44,830 - app.main - INFO - ============================================================
INFO:     Application shutdown complete.
INFO:     Finished server process [440097]

